XIO_1.0 {
	global:
		xio_release_response;
		xio_send_response;
		xio_send_request;
		xio_send_msg;
		xio_send_rdma;
		xio_cancel_request;
		xio_cancel;
		xio_release_msg;
		xio_set_opt;
		xio_get_opt;
		xio_errno;
		xio_strerror;
		xio_version;
		xio_mem_alloc;
		xio_mem_free;
		xio_mem_register;
		xio_mem_dereg;
		xio_lookup_rkey_by_request;
		xio_lookup_rkey_by_response;
		xio_register_remote_rkey;
		xio_unregister_remote_key;
		xio_managed_rkey_unwrap;
		xio_init;
		xio_shutdown;
		xio_context_create;
		xio_context_destroy;
		xio_context_add_ev_handler;
		xio_context_modify_ev_handler;
		xio_context_del_ev_handler;
		xio_context_run_loop;
		xio_context_stop_loop;
		xio_context_poll_wait;
		xio_context_poll_completions;
		xio_modify_context;
		xio_query_context;
		xio_context_get_poll_fd;
		xio_session_event_str;
		xio_session_create;
		xio_session_destroy;
		xio_query_session;
		xio_modify_session;
		xio_connect;
		xio_disconnect;
		xio_connection_destroy;
		xio_modify_connection;
		xio_query_connection;
		xio_accept;
		xio_redirect;
		xio_reject;
		xio_bind;
		xio_unbind;
		xio_mempool_create;
		xio_mempool_create_ex;
		xio_mempool_add_slab;
		xio_mempool_destroy;
		xio_mempool_alloc;
		xio_mempool_free;
		xio_connection_ioctl;

	local: *;
};
